0.17179481472515434
0.9911774311199832
2.6294300001228343e-2
0.5968777996961729
0.13150783603918548
0.1564064768245511
0.7545090157294874
0.7061974793092753
0.14495633402845598
0.3393953209047268
0.47481550197488365
0.1524292217582186
0.2919932309100871
0.8761225514949554
0.6900447249257267
0.5770367058061961
0.6229121741368632
9.030258997544416e-2
0.5291087561992368
0.9458608710079413
0.19477071511689736
0.9405615877085244
0.7321565406349608
0.6493322369716171
0.21705319958983527
0.880930877136499
0.9458364434646166
9.596063851117198e-2
0.4677296428513794
0.4689542437943244
0.6616009857195861
0.30052197981859563
0.18184116259234973
0.7769631337667561
0.13380822816966875
0.7216303761249907
7.399422289508084e-2
0.9701037710243747
0.8876119857816009
0.40867643621795136
0.8994607323970609
0.5065821615919529
9.00305441864202e-3
0.9043448387339477
0.28734532765358467
0.5835013018825423
0.18509395444680665
0.1583098836587774
0.899712266332107
0.37624660054953285
0.6662444501590268
0.4299246286817229
0.1103432684968415
0.5034434308067008
2.8104006239396573e-2
1.2533680526967128e-2
0.8896073264319089
0.31323585469710336
5.953908454336854e-2
0.7105823710765387
0.7698084908791794
0.39971442353952513
7.562571623044934e-2
0.9358415991301418
0.45718210194706776
0.8551525575925158
0.4069363718819685
0.30064280311266767
0.7459516929487543
0.12823129354189666
0.6571679827069109
0.7347191704220185
0.8107159787604807
0.15092566420112952
0.40290045600068947
0.4735740095696135
0.17613694471082475
1.3828075592005384e-2
0.475763827789896
0.1594369395932541
0.7149091677246322
0.5818859130303842
0.8102248113013782
4.190401354881734e-2
0.9531064820602825
0.2061963499118643
0.3759201561648452
0.18276298542799507
0.6150781735596587
0.45813108299662264
0.5956175468754324
0.6056945777710652
0.9126749627687638
0.7495203484165373
0.32549044312574693
9.19406051615923e-3
0.4477628712340338
0.4305524516775586
0.8261408584169939
8.178715826427951e-2
5.596366916462703e-4
0.9154238084612616
0.47086373342825283
0.5307054644746215
0.8552725194705485
0.40675110316764673
0.2166790817414761
0.9270955264802022
0.18430504745791398
0.6308937138162352
0.3391257736534776
7.367896795510143e-2
0.7332649236138316
0.5308088883972397
0.15875210640421333
0.8466377517367945
0.8001534945585541
0.5069026732406763
0.52604184499198
0.9340891678010841
0.2554100532561653
0.9929485492564762
0.19214299645857946
0.9580480054039157
0.27057356766163276
0.151297561703313
0.5698751348398261
0.39062595305183
0.31742864527718695
0.5291591929897939
7.26648146092933e-2
0.6002497561141563
0.23122149856497687
0.8264771971396863
0.3927918787894442
0.18190912001231918
0.29328670555625547
0.1519024721977822
0.3577742396533945
0.5546996802279484
0.6486739268668724
0.45595745594071035
0.26674640185209675
0.44337415388438706
0.9812112543111273
0.9803104729410198
0.534090473004834
0.4093727945739518
0.1959190476118975
0.8541838995832771
0.7722827258613394
0.6561705373845317
2.8994248146739565e-2
2.3931903007676336e-2
0.7831433757417892
0.5352032122169943
0.14189083584711537
0.15292790782554988
0.9508482629268398
0.4200815021655495
8.335831026118523e-2
0.37062258812426385
0.2820166781823251
0.9770884151129933
0.30087371752703373
0.8971124145861724
0.47998642491962695
0.6785315056728967
0.9465199929751392
0.6352153889071104
0.3941300310341831
0.30594244880830634
0.13674951090352383
0.5659021838533529
0.20737611819008506
0.6444380780252705
0.32596185958653556
0.26507403626509984
0.8131787971995544
8.387258141218823e-2
0.750616446586946
1.3672109501218999e-2
0.8179081122251797
0.3798199140517151
0.5118957157602375
0.6593403918987524
0.892943488275321
0.453599600883713
0.1860088959392221
0.11655252116390125
0.9183544087380433
7.441043958950844e-3
0.6806550507619451
0.251016812138108
0.3614383917461905
0.5952981472198366
0.6499057189697306
0.5987784814554741
0.7424995328519602
0.5404379485957959
3.993072223415539e-2
7.568954481183088e-2
0.13339618857397606
0.3656972622473933
0.669631728972896
0.41551856279728083
0.3076252589787183
0.6954482593149859
0.8207938902491128
0.5410348386572263
0.3710008102685106
0.8114685411557712
0.44285919644389893
0.6296459120900282
6.102690283956569e-2
0.7796641146607504
0.7441535939451027
0.571096871037069
0.4258023739312292
0.8984828687208379
0.8060057476039213
0.3839594249101932
0.9541512640617967
0.34269598384128186
0.487827706379782
4.833580540014015e-2
0.48390492000696983
7.071125680055657e-2
9.795446274729103e-2
0.7116483983523991
0.3168946615988618
2.7017741058282585e-2
0.554816577401517
0.4776191342610865
0.9930699656087971
0.7283455840780417
0.9655863537806534
0.6059439625263014
0.9936800434030322
0.7157474396028978
8.183236563944996e-2
0.664782712344194
0.3311145218898581
0.2678237531921295
0.3491344431974488
0.9426712409354545
0.8545376419213015
0.38219731273057056
0.5018149935930118
2.843441624845311e-2
0.24101059385231793
0.973165886080524
0.21741378496287855
0.22292520346321765
0.7686304860406805
0.5960447243500391
0.8976084027067256
0.4918990047964794
0.832376307952059
0.2858408227583482
0.8641665736798648
2.0520174465616936e-2
0.9651270392527773
0.4484632386012001
0.30125310092655333
0.692440318236746
0.9171528503800426
0.28701381038673923
0.9323884338409764
0.36743581100867106
0.7849670908577134
0.8516525540020089
0.9235642905748779
4.0742353038338175e-2
0.48906095798916793
0.7080028888501964
5.519791503185012e-2
0.8111372049829997
0.36180725452683704
2.9236371461138555e-2
0.33957844108412394
0.5330936530828005
0.6834195205425634
0.22914661513022538
0.908922182394242
0.48157229345518326
0.5509302848604476
3.9611419135198056e-2
0.728797558137082
0.3346449823615405
0.12625160044941808
0.6185691942385467
0.35089514472146643
0.1261022519578915
0.6550527060488003
0.986908838941473
0.677095585421214
0.5216777962392041
0.48325864396241414
0.6126322789421773
6.730249891947082e-2
0.5068894363733147
0.3372179545024353
0.3786749028131877
0.8529202184047797
0.6021197098626481
6.429271511716328e-2
0.7901893183242031
0.9936024376188791
0.9772501594574271
0.4334711959608779
0.6047427888485388
0.5670087178153531
3.650900002411028e-2
0.4877360277999191
0.878915651962717
0.14655804553185803
0.5694752539524618
0.8813442951123209
6.674450128160103e-2
0.5348239733417004
0.6720594076261488
0.6247853372642763
0.6443162937590841
0.18047020340576636
0.15823065712831497
0.17740239900924182
0.9151890989742463
0.6027699158833126
0.3666077328355155
0.3107047325261615
0.5088114643277015
0.21254506844638288
0.7756716155030284
0.3381258936865216
0.7397235881856656
0.7404563841592828
0.9836712696251987
0.2596425902071907
0.8679127529390296
0.21475591822252849
0.21137558516459642
0.3528412778233181
0.16771648025317054
0.2842135796469184
0.9797846959493574
0.8295713371538206
0.9364755125251809
0.19809914900417802
0.7281384735683558
0.8676188333073535
0.17509025182846727
0.38311753002583726
0.1396902005076558
0.2529917234051847
0.7203124981440102
0.6599910390195944
0.1907798150751484
0.10501983613170596
0.37827574576355727
0.12725875654132834
0.4417143003767716
0.6075212183741656
0.7159671268493222
0.8974938834862335
0.9901608685273325
0.45038262248092276
0.6157632823026002
0.5294882457962498
0.37172671066285756
0.4437305778522277
0.8560827185526442
0.5102308464883476
0.11472256243340728
0.31491336960230065
0.45788337800794154
8.373872051721942e-2
8.11836991229744e-2
0.6312168310550418
0.26329123208177585
0.5130473563018128
0.987857184889907
0.5729586721557844
0.5378807583303868
0.23637307667971286
2.2781930894895663e-2
0.49160655659976515
0.15231638114679558
0.5838419585051142
0.5492284437035955
0.30973923084366695
2.397013170983442e-2
0.4517612472213679
0.4557635329595756
3.577041309605011e-2
0.23094002422912585
0.9397615520842243
0.24211857372377166
0.38174129130207224
0.9088430273156274
0.1471513011454132
0.8045508696913352
0.8087161767003431
0.3016502997555902
0.33927682182253427
0.8067367558282599
0.5906100068778108
0.8081309649916333
0.9896927720429871
0.3078629151429557
0.1943340851314862
0.22982874605989445
0.9684750268295567
0.9613292630805393
0.9766161110816575
0.4696054774809113
0.37635586207175675
0.5568853462768761
0.5949166283611896
0.9001243752201129
0.5781677875840616
0.4901359609633392
0.3463270294117906
0.7360061853273479
0.6120511426890336
0.4549329874543677
0.42186173699797713
0.34066010370101885
0.48105976188651733
0.6268396394999468
0.44808476276550613
0.3572842575661137
0.5357514425921628
0.30765346851594433
0.32812674835720057
0.797726919297767
0.7565458742089914
0.7432059271321566
0.6519174764072138
0.4180427279701945
0.7901690925971784
0.12743647834554017
0.3354164211916917
0.8623840699419316
0.7097001493379744
0.5284518475823636
0.7755026888665082
0.33401189421144284
0.9491947974023296
0.8454063553168415
0.2584282438471657
0.36911702936680746
0.2809315430908259
0.9270343369200169
0.4845647200804317
0.5061005920813907
0.1982421203774143
1.3274229701194074e-2
0.3556196671775619
0.4840693096857098
7.542691177092142e-2
0.20885009797190157
0.6111984909380561
8.123796530976535e-2
0.24791879134519357
0.6648898303424449
0.8998035823909698
0.4770129648595811
0.20087291430920218
0.6441461293420189
0.361903556575186
0.5468486967728384
0.14911412061247764
0.17560876658024127
0.6837075699776203
0.5231101311553795
0.8428121270364707
0.6924498767942506
0.36515685137098974
0.901451097824942
0.9904403166862785
0.13469502928974297
0.4660029461993763
4.342231744547731e-2
0.21003497068197563
0.5169577500153002
0.3103312141133787
0.6605841214322745
9.045211327581892e-2
0.85305175584379
7.722025872135463e-2
0.9673123492284237
0.18194008546738827
0.8008820810127681
0.27499303253541274
0.2581655734479332
0.5565945095232939
0.7444833266468249
0.6644314291547455
0.7713220598181112
0.8393527550058191
0.7964953091177188
9.641240629097547e-2
9.213996340977937e-2
0.1469860345024444
0.343946062760192
0.17626224968674442
0.6273457040860415
0.869813684649964
0.8971150631771772
0.5099574088685568
0.446675759029703
0.15682464371340998
0.8116915601371751
0.7611127503600172
0.6219235440498199
0.8333685673270582
0.9190663135981054
0.8073540874585334
3.0118190923723254e-2
0.10967003134113329
0.2118468342222427
0.17676278319318905
0.5835808210219535
0.756929425788194
0.9230043556012415
0.9939118418206528
0.8265114716265993
0.7995000198882936
0.6318165050734907
0.3165457457236106
0.20073998131342619
0.7698085332305437
0.7350926636791655
0.851391977377041
3.8336615881401914e-2
0.19914060089268448
0.4780491779650796
0.5174421764934443
0.895568491182115
0.3067379525892153
0.3430180046094614
8.376822587029142e-2
0.384278068117313
0.7466629745293709
0.8135799047950247
0.6307550284186565
0.8476557229404829
0.4125169453396329
0.8641793391730277
0.5923231003597587
6.301727552239678e-2
9.368629130184236e-2
0.3290817263171396
9.927329258317308e-2
0.2219219274234504
0.5416424805551878
3.780675390453547e-2
0.479085510726596
0.6247389398512986
0.5645565943667592
0.6746850546050268
0.5630553351595815
5.0754576988393474e-2
4.046604962850264e-2
0.7653150383788413
0.23849590693501532
8.435437803919543e-2
4.414337226092968e-3
0.7089052128983994
0.3945759380297009
0.2596504953890314
0.6790505417021397
0.49055020242166014
0.14074197350753714
0.6918389401163096
0.3537817558171369
0.6301471039466794
0.13110765405937574
0.3637212990407106
0.23165179950535775
6.148603014989884e-2
4.27168201683058e-2
0.8344565694863569
0.24438560754540783
0.6999873409954294
0.12003432484869514
0.5188977559766785
0.3988317009958865
0.4981200219241957
0.32549925889513975
0.35273078699408655
7.546545699694163e-2
9.911145487261852e-2
0.294396246587855
0.9533477689418656
0.45168090199247846
0.4843561148257113
0.8016178328483616
0.8741014625041974
0.8494500658255537
6.691168450990803e-2
6.979698798354061e-2
0.9580510318377105
0.6228186190962087
0.32376258009653147
0.324078549226552
0.7629972919832095
0.34173432002116144
0.2827503277088528
0.15892347065320267
0.7231829420653406
0.9770544901927162
0.543075702100055
0.43012757026103443
1.9878824181314703e-2
0.3806316353985011
2.6475220515204123e-3
0.5579601533690846
1.7350457915589645e-2
0.9530165932084641
0.3094688015262296
0.8667972831303373
0.2379885289551481
0.9546876522194837
0.22151562764064792
0.1899959175485494
0.20575754271853663
0.759302616871031
0.4595011935280612
0.3205113880218111
0.7238002478930201
0.10034245611026527
0.19367801005101914
0.6063273391936352
0.5320308817252524
0.5833277830324455
0.30797410650598267
0.681513838882426
0.5409372081614
0.7519649444411177
0.6401881738359195
0.13316823509860176
0.9367367723785591
0.9600622036243466
7.445640844426782e-2
0.6012236696592728
0.5875663351107625
0.7745427695485412
0.975234715430599
0.27570395463964625
0.21678729030443777
0.539185701545942
0.8767809103079608
0.13057094828059523
0.205003513616825
0.6297033169248532
0.17057451904410836
0.7099528473988181
0.34683344153077267
0.7634063250506575
0.4143434497677225
0.20407986173794668
0.8795076837836365
0.11198864241382767
0.6502389650603266
0.22779128510326685
0.5446155448031014
8.710004357705647e-2
0.28739967836162483
0.5602906387309279
0.8954300724597907
0.10518086140824667
9.495136371200474e-2
0.1881120660733162
0.5022800457474448
0.18508994352755181
0.3226486134233878
0.5833154363442841
0.7023984107769786
2.2907785152367577e-2
0.23668744867994784
0.3678392667648066
1.9611318624869534e-2
0.8581089324551621
0.10499576765092489
0.7782603004548283
0.9371987121873137
0.15234330102329152
0.27260684948835934
0.22704472829027744
0.14963709094965483
5.5639064541346595e-2
0.7656404802472749
5.17220564492612e-2
0.25979508166642973
0.13027818330570462
0.35473630653446797
0.703884741470977
0.7518920795304165
0.5354475379651222
0.8756461803526567
0.9094752173970977
0.6412590194448865
0.5866897238810242
0.7164996254390835
0.6946169755883589
0.19489119126439092
0.5012340668155418
0.8785810406596621
0.12580871411351957
0.28612177429919594
0.19339682753072807
0.5705017333947922
0.23053841598679403
0.19102077404966156
0.24046234332040994
0.835941888119192
0.6912073431414251
0.47505408866446974
0.5963189511403612
0.4824214699319229
0.3022637218511055
0.3965313469573384
0.9192638234312109
0.9213489266197619
0.31378351326529985
0.31378044941103334
0.7336695475853381
0.6152463908767003
1.8474286301188858e-3
0.7158559622358787
0.7038903299646957
0.3833232753634278
0.466710393019494
0.9312896419460792
0.48826016699695696
0.7099475536916965
0.19496830160964052
0.13628090744463472
0.6443646353733689
0.3466613906971292
0.45616934277260646
0.6231553394000457
4.554155046153152e-2
0.2778168713923792
0.7641843409930421
0.824980798346723
0.8291164321816981
0.1026838549158905
0.4882265665154968
0.9194497137703905
0.988214627231701
0.27692240685456493
8.820616687426308e-2
0.5422802311761505
0.2624527647923933
0.746595769513624
0.8771756561372562
0.6567265524924046
0.215292582550053
9.851527094558732e-2
0.8217182362309404
0.18906913368629763
0.6009420705496531
0.2010862164742966
0.6926492034034666
0.10844170642664974
0.4518641712547956
0.44017531688985057
0.9480216401066949
0.6091025949676314
0.9234329824025971
0.14650517088828852
0.8593110385747393
0.6697062397433249
0.2607674985357048
0.7390137021497265
8.533900155956653e-2
0.8502069708941753
0.15672840037817903
0.43130708569310783
0.22782506804167668
6.332084443393271e-2
0.26275241749004996
4.222256700224625e-2
0.648150010458767
0.3965425942381965
0.9868361744793175
0.36324378784307754
0.6510089902547043
0.7506541886255533
0.21307913703611991
0.4933306960584053
0.8806903732994629
0.4403118607387252
0.26299312236387573
0.16018410513113102
0.8018611619774674
0.3988203433821228
0.9717991327629627
0.653833809746978
0.22312125792695392
0.34755802243613754
0.5158538870898696
0.2129608830322688
0.5431623749767367
0.5105903832729226
0.6563820712112023
2.6904649634663547e-2
0.8892942451044341
0.5572284824433837
0.822086632557455
0.5800943022431458
0.7714954966763362
0.8955936408998733
0.3554714882043658
9.000867222941356e-5
0.6008503006654369
0.6115056049900548
0.17905624047483604
0.8288456932051702
0.272613275655636
0.7581964206749844
0.2611844662409143
0.757720190203643
6.740607150359768e-2
0.6688207922558463
0.35394055159681415
0.9087744580232141
0.29833841508955894
0.9692754100811241
0.513943166762294
0.6458791975491938
0.18237902500218706
0.3692025083775978
0.6444172467578262
0.3235886299240127
0.3000928614993288
0.20452451166225327
0.6442478749763809
0.917812982352748
0.7498755495362688
0.6870910828026695
0.7698583115889327
0.6950065325406231
0.6629601774145872
0.14422028119137298
0.17655953240328826
0.5373578392685108
0.2969487240525087
0.7596807742833289
0.7902804307451785
8.360890614508376e-2
0.5393943892216899
0.9179480869351947
0.39769296711643687
0.8378922323058393
0.8789140266222849
0.15215347627569442
0.8841850589820981
0.9333582816180026
0.7534260982814345
0.9459885371354289
0.9526493160691574
2.1927461634454692e-2
0.18314055330446655
0.7695115384975778
0.15563731966813588
0.5863428936558333
0.818390252800647
0.1711169127503318
0.49595837184194913
0.24897869061561706
0.963601911580518
0.4693631181558646
0.1397046053995965
0.8297317126043242
8.30291866249041e-2
0.39421975347500604
0.16678249950474489
0.13009068118970646
0.36255713783071297
0.1625675244198721
0.926203947189084
0.8290128745536404
1.2136939229755228e-2
0.6949765557977354
5.376912296674752e-2
0.7379933644748182
0.7872062621012333
3.685212964609652e-2
0.10202538218443513
0.9128266615974283
0.3270858771066998
0.9087047373264818
3.9528891583009096e-2
0.6149833681220369
0.3780706160994197
0.2245884351369679
0.8850593352410258
0.22880850311817602
0.9596450623745308
0.23303045154691582
0.790418276099701
0.21735494194423988
0.3262186842069571
0.6706225644474546
0.5655598010834111
0.43988973695961997
6.742898575584644e-2
0.1396457051246207
0.9253248149000112
0.9304652662625326
2.6914315011469236e-3
0.18344079849124617
0.3335969609130437
8.41199464817266e-2
0.9998336511142832
4.4121323654964795e-2
0.18472262533823203
0.2987341437627903
0.26617426061432803
0.3145341172991313
0.9281685927032984
0.11865116451823454
0.863935037901758
0.6834364079650295
0.187293615082062
0.49257336630812365
0.5819347370632921
0.858552180123677
0.2553065836886943
0.7843726662655874
0.6650984653592764
0.11960228803034745
0.747937987642922
0.8764256797021556
0.31653861368736047
0.24065176705251512
0.8581050525291407
0.6417515781743609
0.1459008614460201
0.6796198472539939
7.71918066528876e-2
1.0109818159239614e-3
0.8680059972001314
0.5812505368710237
0.2164854416731108
0.4522113967637954
0.24639686276253947
0.732847211449476
0.86714906897547
0.8786238489924356
0.22213933273398923
0.5462049393067296
0.48381941464748335
5.337655643475314e-2
0.4541957166436844
0.6574736045591194
0.430085762787334
0.4956116593309763
0.6112606569104392
0.9870328750108646
0.1854752596640169
4.2066435986434336e-2
0.7887845919058155
0.9233401109595479
0.609244176253511
0.7953908202294009
0.7356441900015125
0.5730533314048484
0.9184186522210458
0.6305484860246284
0.60063631859921
0.7605547389891796
0.5607385303079283
0.49202742512074926
0.18267281149668613
0.579487722620736
0.5396054374651038
0.5944577018003261
0.5429917301654424
0.12306250884802772
0.8464012679577735
0.5867663813113437
0.24227857541622044
5.273158365188302e-2
3.301509054239915e-2
0.5245192244139589
0.7374854279126559
0.5540099627176776
7.82437002415648e-4
0.7376904452069714
0.6670039754616371
0.33745398219121114
0.49723140055407766
0.5650300729953539
0.11453753544300693
0.7178677734878034
